<html>
<body>
<pre>
<h1>µVision Build Log</h1>
<h2>Tool Versions:</h2>
IDE-Version: •ÏVision V5.43.1.0
Copyright (C) 2025 ARM Ltd and ARM Germany GmbH. All rights reserved.
License Information: kim youngjin, hanyang, LIC=----
 
Tool Versions:
Toolchain:       MDK-Lite  Version: 5.43.0.0
Toolchain Path:  E:\MDK\ARM\ARMCLANG\Bin
C Compiler:      ArmClang.exe V6.24
Assembler:       Armasm.exe V6.24
Linker/Locator:  ArmLink.exe V6.24
Library Manager: ArmAr.exe V6.24
Hex Converter:   FromElf.exe V6.24
CPU DLL:         SARMCM3.DLL V5.43.0.0
Dialog DLL:      DARMCM1.DLL V1.19.6.0
Target DLL:      UL2CM3.DLL V1.164.16.0
Dialog DLL:      TARMCM1.DLL V1.14.6.0
 
<h2>Project:</h2>
D:\hanyang\4_1\SoC\week7\keil\w7\w7.uvprojx
Project File Date:  04/19/2026

<h2>Output:</h2>
*** Using Compiler 'V6.24', folder: 'E:\MDK\ARM\ARMCLANG\Bin'
Build target 'Target_1'
assembling startup_cm0.S...
linking...
Program Size: Code=568 RO-data=144 RW-data=4 ZI-data=2056  
After Build - User command #1: fromelf --vhx --32x1 --output=code.mem ./Objects/w7.axf
".\Objects\w7.axf" - 0 Error(s), 0 Warning(s).

<h2>Software Packages used:</h2>

Package Vendor: ARM
                https://www.keil.com/pack/ARM.Cortex_DFP.1.1.0.pack
                ARM::Cortex_DFP@1.1.0
                ARM Cortex Reference Subsystems Device Family Pack

<h2>Collection of Component include folders:</h2>
  E:/MDK/ARM/Cortex_DFP/1.1.0/Device/ARMCM0/Include

<h2>Collection of Component Files used:</h2>
Build Time Elapsed:  00:00:01
</pre>
</body>
</html>
